// Jest Snapshot v1, https://goo.gl/fbAQLP

exports[`App component renders the correct elements 1`] = `
<div>
  <div
    class="App"
  />
</div>
`;
